---
source: src/flower.rs
assertion_line: 744
expression: "(f0.nucleus, f1.nucleus)"
---
(
    Nucleus {
        uuid: 00000000-0000-0000-0000-000000000001,
        propagativity: Propagating(
            SubTree(
                Zero,
                One,
            ),
        ),
        reality_token: RealityToken(
            3,
        ),
        core_map: ItcMap {
            timestamp: Leaf(
                3,
            ),
            data: [
                Some(
                    (
                        SubTree(
                            One,
                            Zero,
                        ),
                        PeerInfo {
                            uuid: 00000000-0000-0000-0000-000000000002,
                            addr: Some(
                                1,
                            ),
                            status: Healthy,
                        },
                    ),
                ),
                Some(
                    (
                        SubTree(
                            Zero,
                            One,
                        ),
                        PeerInfo {
                            uuid: 00000000-0000-0000-0000-000000000001,
                            addr: Some(
                                0,
                            ),
                            status: Healthy,
                        },
                    ),
                ),
            ],
            index: SubTree(
                Leaf(
                    0,
                ),
                Leaf(
                    1,
                ),
            ),
        },
        own_info: PeerInfo {
            uuid: 00000000-0000-0000-0000-000000000001,
            addr: Some(
                0,
            ),
            status: Healthy,
        },
    },
    Nucleus {
        uuid: 00000000-0000-0000-0000-000000000002,
        propagativity: Propagating(
            SubTree(
                One,
                Zero,
            ),
        ),
        reality_token: RealityToken(
            3,
        ),
        core_map: ItcMap {
            timestamp: Leaf(
                3,
            ),
            data: [
                Some(
                    (
                        SubTree(
                            Zero,
                            One,
                        ),
                        PeerInfo {
                            uuid: 00000000-0000-0000-0000-000000000001,
                            addr: Some(
                                0,
                            ),
                            status: Healthy,
                        },
                    ),
                ),
                Some(
                    (
                        SubTree(
                            One,
                            Zero,
                        ),
                        PeerInfo {
                            uuid: 00000000-0000-0000-0000-000000000002,
                            addr: Some(
                                1,
                            ),
                            status: Healthy,
                        },
                    ),
                ),
            ],
            index: SubTree(
                Leaf(
                    1,
                ),
                Leaf(
                    0,
                ),
            ),
        },
        own_info: PeerInfo {
            uuid: 00000000-0000-0000-0000-000000000002,
            addr: Some(
                1,
            ),
            status: Healthy,
        },
    },
)
